$ cargo +1.94.1 fmt --all --check -v
(cwd /home/user/factory-workpieces/W14)

[lib (2021)] "/home/user/factory-workpieces/W14/compiler/bundle/src/lib.rs"
[lib (2021)] "/home/user/factory-workpieces/W14/compiler/capability/src/lib.rs"
[lib (2021)] "/home/user/factory-workpieces/W14/compiler/codegen/src/lib.rs"
[lib (2021)] "/home/user/factory-workpieces/W14/compiler/foundation/src/lib.rs"
[lib (2021)] "/home/user/factory-workpieces/W14/compiler/implementation/src/lib.rs"
[lib (2021)] "/home/user/factory-workpieces/W14/compiler/kernel/src/lib.rs"
[test (2021)] "/home/user/factory-workpieces/W14/compiler/kernel/tests/bootstrap_ladder.rs"
[test (2021)] "/home/user/factory-workpieces/W14/compiler/kernel/tests/bundle_ladder.rs"
[test (2021)] "/home/user/factory-workpieces/W14/compiler/kernel/tests/commissioning_ladder.rs"
[test (2021)] "/home/user/factory-workpieces/W14/compiler/kernel/tests/language_ladder.rs"
[test (2021)] "/home/user/factory-workpieces/W14/compiler/kernel/tests/lowering_ladder.rs"
[test (2021)] "/home/user/factory-workpieces/W14/compiler/kernel/tests/observe_ladder.rs"
[test (2021)] "/home/user/factory-workpieces/W14/compiler/kernel/tests/strategy_ladder.rs"
[lib (2021)] "/home/user/factory-workpieces/W14/compiler/observe/src/lib.rs"
[lib (2021)] "/home/user/factory-workpieces/W14/compiler/planning/src/lib.rs"
[lib (2021)] "/home/user/factory-workpieces/W14/compiler/semantic/src/lib.rs"
[lib (2021)] "/home/user/factory-workpieces/W14/compiler/source/src/lib.rs"
[lib (2021)] "/home/user/factory-workpieces/W14/compiler/verifier/src/lib.rs"
[cdylib (2021)] "/home/user/factory-workpieces/W14/compiler/wasm-abi/src/lib.rs"
[lib (2021)] "/home/user/factory-workpieces/W14/factory/src/lib.rs"
[bin (2021)] "/home/user/factory-workpieces/W14/factory/src/main.rs"
[test (2021)] "/home/user/factory-workpieces/W14/factory/tests/factory_law.rs"
[bin (2021)] "/home/user/factory-workpieces/W14/host/factc/src/main.rs"
rustfmt --edition 2021 --check /home/user/factory-workpieces/W14/compiler/bundle/src/lib.rs /home/user/factory-workpieces/W14/compiler/capability/src/lib.rs /home/user/factory-workpieces/W14/compiler/codegen/src/lib.rs /home/user/factory-workpieces/W14/compiler/foundation/src/lib.rs /home/user/factory-workpieces/W14/compiler/implementation/src/lib.rs /home/user/factory-workpieces/W14/compiler/kernel/src/lib.rs /home/user/factory-workpieces/W14/compiler/kernel/tests/bootstrap_ladder.rs /home/user/factory-workpieces/W14/compiler/kernel/tests/bundle_ladder.rs /home/user/factory-workpieces/W14/compiler/kernel/tests/commissioning_ladder.rs /home/user/factory-workpieces/W14/compiler/kernel/tests/language_ladder.rs /home/user/factory-workpieces/W14/compiler/kernel/tests/lowering_ladder.rs /home/user/factory-workpieces/W14/compiler/kernel/tests/observe_ladder.rs /home/user/factory-workpieces/W14/compiler/kernel/tests/strategy_ladder.rs /home/user/factory-workpieces/W14/compiler/observe/src/lib.rs /home/user/factory-workpieces/W14/compiler/planning/src/lib.rs /home/user/factory-workpieces/W14/compiler/semantic/src/lib.rs /home/user/factory-workpieces/W14/compiler/source/src/lib.rs /home/user/factory-workpieces/W14/compiler/verifier/src/lib.rs /home/user/factory-workpieces/W14/compiler/wasm-abi/src/lib.rs /home/user/factory-workpieces/W14/factory/src/lib.rs /home/user/factory-workpieces/W14/factory/src/main.rs /home/user/factory-workpieces/W14/factory/tests/factory_law.rs /home/user/factory-workpieces/W14/host/factc/src/main.rs

[exit 0]
