$ node tests/reference/clauses.mjs tests/reference/d15-clauses.json design/environment-map/graph.json evidence/D20/clauses/D15
VERIFIED           CL-R1  AUTH-RUST-REF-NOSTD @53 
VERIFIED           CL-R2  AUTH-RUST-REF-NOSTD @24 
VERIFIED           CL-R3  AUTH-CARGO-BUILD-STD @558 
VERIFIED           CL-R4  AUTH-RUSTC-WASM64-DOC @77 
VERIFIED           CL-R5  AUTH-RUSTC-WASM64-DOC @62 
VERIFIED           CL-R6  AUTH-RUSTC-WASM64-DOC @86 
VERIFIED           CL-R7  AUTH-RUSTC-WASM64-DOC @33 
VERIFIED           CL-R8  AUTH-RUSTC-WASM64-TARGET-SPEC @38 
VERIFIED           CL-R9  AUTH-RUSTC-WASM64-TARGET-SPEC @48 
VERIFIED           CL-W1  AUTH-WASM-CORE-SYNTAX-ADDRTYPE @330 
VERIFIED           CL-W2  AUTH-WASM-SPECTEC-VALIDATION @228 
VERIFIED           CL-W3  AUTH-WASM-CORE-BINARY-LIMITS @138 
VERIFIED           CL-W4  AUTH-WASM-CORE-CHANGES-64 @432 
VERIFIED           CL-W5  AUTH-WASM-JSAPI-MEMORIES @803 
VERIFIED           CL-W6  AUTH-WASM-JSAPI-MEMORIES @872 
VERIFIED           CL-W7  AUTH-WASM-JSAPI-MEMORIES @1491 
VERIFIED           CL-W8  AUTH-WASM-JSAPI-VALUES @1419 
VERIFIED           CL-W9  AUTH-WASM-JSAPI-VALUES @1376 
VERIFIED           CL-S1  AUTH-WASM-WEBAPI-STREAMING @114 
VERIFIED           CL-S2  AUTH-WASM-WEBAPI-STREAMING @127 
VERIFIED           CL-S3  AUTH-FETCH @1474 
VERIFIED           CL-S4  AUTH-STREAMS @123 
VERIFIED           CL-T1  AUTH-WASM-JSAPI-STORAGE @330 
VERIFIED           CL-T2  AUTH-WASM-THREADS @147 
VERIFIED           CL-T3  AUTH-WASM-SET @4 
VERIFIED           CL-T4  AUTH-HTML-COI @10512 
VERIFIED           CL-T5  AUTH-HTML-COI @117443 
VERIFIED           CL-T6  AUTH-ECMA-262 @46276 
VERIFIED           CL-T7  AUTH-ECMA-262 @12771 
VERIFIED           CL-T8  AUTH-HTML-COI @117169 
VERIFIED           CL-I1  AUTH-WEBIDL @10629 
VERIFIED           CL-I2  AUTH-WEBIDL @9857 
VERIFIED           CL-I3  AUTH-WEBIDL @7785 
VERIFIED           CL-I4  AUTH-ECMA-262 @5672 
VERIFIED           CL-H1  AUTH-HTML-SECURE-CONTEXT @118175 
VERIFIED           CL-H2  AUTH-SECCTX-TRUSTWORTHY @556 
VERIFIED           CL-H3  AUTH-SECCTX-TRUSTWORTHY @546 
VERIFIED           CL-H4  AUTH-HTML-SANDBOX-ORIGIN @96158 
VERIFIED           CL-F1  AUTH-FETCH @1795 
VERIFIED           CL-F2  AUTH-SW-UPDATE-BYPASS @2821 
VERIFIED           CL-F3  AUTH-SW-UPDATE-BYPASS @281 
VERIFIED           CL-F4  AUTH-SW-REGISTER-TRUST @2759 
VERIFIED           CL-F5  AUTH-SW-INSTALL-FAILED @2994 
VERIFIED           CL-F6  AUTH-SW-SANDBOX-NO-CONTROLLER @353 
VERIFIED           CL-P1  AUTH-PERMISSIONS @383 
VERIFIED           CL-P2  AUTH-PERMISSIONS-POLICY @1082 
VERIFIED           CL-P3  AUTH-PERMISSIONS-POLICY @1074 
VERIFIED           CL-ST1  AUTH-STORAGE-BUCKET-MODE @363 
VERIFIED           CL-ST2  AUTH-STORAGE-BUCKET-MODE @570 
VERIFIED           CL-ST3  AUTH-STORAGE-BUCKET-MODE @619 
VERIFIED           CL-ST4  AUTH-FS-OPFS @429 
VERIFIED           CL-ST5  AUTH-FS-OPFS @433 
VERIFIED           CL-ST6  AUTH-IDB-TRANSACTION @882 
VERIFIED           CL-ST7  AUTH-WEB-LOCKS @357 
VERIFIED           CL-MF1  AUTH-MANIFEST-INSTALLABLE @2615 
VERIFIED           CL-G1  AUTH-GIT-OBJECT-FORMAT @4082 
VERIFIED           CL-G2  AUTH-GIT-UPDATE-REF-CAS @21 
VERIFIED           CL-G3  AUTH-GIT-MKTREE @17 
VERIFIED           CL-G4  AUTH-GIT-PACK-FORMAT @43 
VERIFIED           CL-G5  AUTH-GIT-SHA256-TRANSITION @152 
{"VERIFIED":60}
[exit 0]
$ node tests/reference/clauses.mjs tests/reference/d16-clauses.json design/environment-map/graph.json evidence/D20/clauses/D16
VERIFIED           CL-GPU1  AUTH-GPU-NAVIGATOR-GPU @2461  
VERIFIED           CL-GPU2  AUTH-GPU-REQUESTADAPTER @2494 
VERIFIED           CL-GPU3  AUTH-GPU-REQUESTADAPTER @2544 
VERIFIED           CL-GPU4  AUTH-GPU-REQUESTDEVICE @2929 
VERIFIED           CL-GPU5  AUTH-GPU-REQUESTDEVICE @2950 
VERIFIED           CL-GPU6  AUTH-GPU-ADAPTER-EXPIRE @2972 
VERIFIED           CL-GPU7  AUTH-GPU-LOSE-DEVICE @1459 
VERIFIED           CL-GPU8  AUTH-GPU-FALLBACK-ADAPTER @1315 
VERIFIED           CL-GPU9  AUTH-GPU-REQUESTDEVICE @3823 
VERIFIED           CL-GPU10  AUTH-GPU-REQUESTDEVICE @7237 
VERIFIED           CL-GPU11  AUTH-WGSL @366 
VERIFIED           CL-NN1  AUTH-WEBNN @977 
VERIFIED           CL-NN2  AUTH-WEBNN @963 
VERIFIED           CL-NN3  AUTH-WEBNN @1051 
VERIFIED           CL-NN4  AUTH-WEBNN @1689 
VERIFIED           CL-WC1  AUTH-WEBCODECS @1378  
VERIFIED           CL-WC2  AUTH-WEBCODECS @1622 
VERIFIED           CL-WC3  AUTH-WEBCODECS @6229 
VERIFIED           CL-WC4  AUTH-WEBCODECS @6250 
VERIFIED           CL-MC1  AUTH-MEDIACAPTURE @2787 
VERIFIED           CL-MC2  AUTH-MEDIACAPTURE @5738 
VERIFIED           CL-MC3  AUTH-MEDIACAPTURE @5794 
VERIFIED           CL-MC4  AUTH-MEDIACAPTURE @3795 
VERIFIED           CL-MC5  AUTH-MEDIACAPTURE @4085 
VERIFIED           CL-MC6  AUTH-MEDIACAPTURE @2741 
VERIFIED           CL-GS0  AUTH-GENERIC-SENSOR @28 
VERIFIED           CL-GS1  AUTH-GENERIC-SENSOR @885 
VERIFIED           CL-GS2  AUTH-GENERIC-SENSOR @754 
VERIFIED           CL-GS3  AUTH-GENERIC-SENSOR @1121 
VERIFIED           CL-GS4  AUTH-GENERIC-SENSOR @1261 
VERIFIED           CL-ACC0  AUTH-ACCELEROMETER @25 
VERIFIED           CL-ACC1  AUTH-ACCELEROMETER @321 
VERIFIED           CL-ACC2  AUTH-ACCELEROMETER @191 
VERIFIED           CL-GYR0  AUTH-GYROSCOPE @26 
VERIFIED           CL-GYR1  AUTH-GYROSCOPE @178 
VERIFIED           CL-GYR2  AUTH-GYROSCOPE @127 
VERIFIED           CL-MAG0  AUTH-MAGNETOMETER @23 
VERIFIED           CL-MAG1  AUTH-MAGNETOMETER @243 
VERIFIED           CL-MAG2  AUTH-MAGNETOMETER @184 
VERIFIED           CL-ORI0  AUTH-ORIENTATION-SENSOR @17 
VERIFIED           CL-ORI1  AUTH-ORIENTATION-SENSOR @220 
VERIFIED           CL-ORI2  AUTH-ORIENTATION-SENSOR @196 
VERIFIED           CL-PRX0  AUTH-PROXIMITY @16 
VERIFIED           CL-PRX1  AUTH-PROXIMITY @152 
VERIFIED           CL-PRX2  AUTH-PROXIMITY @110 
VERIFIED           CL-ALS0  AUTH-AMBIENT-LIGHT @17 
VERIFIED           CL-ALS1  AUTH-AMBIENT-LIGHT @309 
VERIFIED           CL-ALS2  AUTH-AMBIENT-LIGHT @266 
VERIFIED           CL-ALS3  AUTH-AMBIENT-LIGHT @340 
VERIFIED           CL-DO1  AUTH-DEVICE-ORIENTATION @235 
VERIFIED           CL-DO2  AUTH-DEVICE-ORIENTATION @294 
VERIFIED           CL-DO3  AUTH-DEVICE-ORIENTATION @265 
VERIFIED           CL-DO4  AUTH-DEVICE-ORIENTATION @232 
VERIFIED           CL-GEO1  AUTH-GEOLOCATION @501 
VERIFIED           CL-GEO2  AUTH-GEOLOCATION @668 
VERIFIED           CL-GEO3  AUTH-GEOLOCATION @655 
VERIFIED           CL-GEO4  AUTH-GEOLOCATION @451 
VERIFIED           CL-GEO5  AUTH-GEOLOCATION @681 
VERIFIED           CL-XR1  AUTH-WEBXR @270 
VERIFIED           CL-XR2  AUTH-WEBXR @347 
VERIFIED           CL-XR3  AUTH-WEBXR @373 
VERIFIED           CL-XR4  AUTH-WEBXR @2768 
VERIFIED           CL-XR5  AUTH-WEBXR @417 
VERIFIED           CL-XR6  AUTH-WEBXR @988 
VERIFIED           CL-HID1  AUTH-WEBHID @253 
VERIFIED           CL-HID2  AUTH-WEBHID @1047 
VERIFIED           CL-HID3  AUTH-WEBHID @2918 
VERIFIED           CL-HID4  AUTH-WEBHID @346 
VERIFIED           CL-USB1  AUTH-WEBUSB @460 
VERIFIED           CL-USB2  AUTH-WEBUSB @693 
VERIFIED           CL-USB3  AUTH-WEBUSB @2560 
VERIFIED           CL-SER1  AUTH-SERIAL @34 
VERIFIED           CL-SER2  AUTH-SERIAL @134 
VERIFIED           CL-SER3  AUTH-SERIAL @1883 
VERIFIED           CL-SER4  AUTH-SERIAL @595 
VERIFIED           CL-BT1  AUTH-WEB-BLUETOOTH @554 
VERIFIED           CL-BT2  AUTH-WEB-BLUETOOTH @1447 
VERIFIED           CL-BT3  AUTH-WEB-BLUETOOTH @1832 
VERIFIED           CL-BT4  AUTH-WEB-BLUETOOTH @5177 
VERIFIED           CL-BT5  AUTH-WEB-BLUETOOTH @1978 
VERIFIED           CL-WK1  AUTH-HTML-WORKERS @136388 
VERIFIED           CL-WK2  AUTH-HTML-WORKERS @136509 
VERIFIED           CL-WK3  AUTH-HTML-WORKERS @136450 
VERIFIED           CL-STQ1  AUTH-STORAGE-BUCKET-MODE @617 
VERIFIED           CL-OPFS1  AUTH-FS-OPFS @1696 
VERIFIED           CL-CS1  AUTH-SW-CACHE-OBJECTS @1993 
VERIFIED           CL-CS2  AUTH-SW-CACHE-OBJECTS @2268 
VERIFIED           CL-WJ1  AUTH-WASM-JSAPI-VALIDATE @417  
VERIFIED           CL-WJ2  AUTH-WASM-JSAPI-VALIDATE @653 
VERIFIED           CL-IDB1  AUTH-IDB-TRANSACTION @2192  
{"VERIFIED":90}
[exit 0]
