$ T=$(mktemp -d) && node tests/envmap/envmap.mjs merge --base-rev fdb9c32 --epochs design/environment-map/epochs/D12.json,design/environment-map/epochs/D13.json --out $T/g13.json >/dev/null && node tests/reference/reopen.mjs $T/g13.json evidence/D20/reopen
AUTH-CARGO-BUILD-STD: published UNREACHABLE (DENIED by network policy); TIP == PIN; pin PIN_MATCH; fragment PRESENT_DERIVED -> PRESENT_DERIVED; clause UNCHANGED (file identical)
AUTH-CHROMIUM-CONTENT-SWITCHES: published UNREACHABLE (DENIED by network policy); TIP MOVED, FILE IDENTICAL; pin PIN_MATCH; fragment NOT_CITED -> NOT_CITED; clause UNCHANGED (file identical)
AUTH-CHROMIUM-GL-SWITCHES: published UNREACHABLE (DENIED by network policy); TIP MOVED, FILE IDENTICAL; pin PIN_MATCH; fragment NOT_CITED -> NOT_CITED; clause UNCHANGED (file identical)
AUTH-CHROMIUM-GPU-SWITCHES: published UNREACHABLE (DENIED by network policy); TIP MOVED, FILE IDENTICAL; pin PIN_MATCH; fragment NOT_CITED -> NOT_CITED; clause UNCHANGED (file identical)
AUTH-CHROMIUM-SWIFTSHADER-DOC: published UNREACHABLE (DENIED by network policy); TIP MOVED, FILE IDENTICAL; pin PIN_MATCH; fragment NOT_CITED -> NOT_CITED; clause UNCHANGED (file identical)
AUTH-COMPRESSION-ZLIB: published UNREACHABLE (DENIED by network policy); TIP == PIN; pin PIN_MATCH; fragment NOT_CITED -> NOT_CITED; clause UNCHANGED (file identical)
AUTH-FS-OPFS: published UNREACHABLE (DENIED by network policy); TIP == PIN; pin PIN_MATCH; fragment NOT_CITED -> NOT_CITED; clause UNCHANGED (file identical)
AUTH-GIT-GLOSSARY-COMMIT: published UNREACHABLE (DENIED by network policy); TIP == PIN; pin PIN_MATCH; fragment PRESENT_EXPLICIT -> PRESENT_EXPLICIT; clause UNCHANGED (file identical)
AUTH-GIT-OBJECT-FORMAT: published UNREACHABLE (DENIED by network policy); TIP == PIN; pin PIN_MATCH; fragment NOT_CITED -> NOT_CITED; clause UNCHANGED (file identical)
AUTH-GIT-PACK-FORMAT: published UNREACHABLE (DENIED by network policy); TIP == PIN; pin PIN_MATCH; fragment NOT_CITED -> NOT_CITED; clause UNCHANGED (file identical)
AUTH-GIT-REPO-LAYOUT: published UNREACHABLE (DENIED by network policy); TIP == PIN; pin PIN_MATCH; fragment ABSENT -> ABSENT; clause UNCHANGED (file identical)
AUTH-GIT-REVISIONS: published UNREACHABLE (DENIED by network policy); TIP == PIN; pin PIN_MATCH; fragment NOT_CITED -> NOT_CITED; clause UNCHANGED (file identical)
AUTH-GIT-SHA256-TRANSITION: published UNREACHABLE (DENIED by network policy); TIP == PIN; pin PIN_MATCH; fragment NOT_CITED -> NOT_CITED; clause UNCHANGED (file identical)
AUTH-GIT-UPDATE-REF-CAS: published UNREACHABLE (DENIED by network policy); TIP == PIN; pin PIN_MATCH; fragment NOT_CITED -> NOT_CITED; clause UNCHANGED (file identical)
AUTH-GIT-WORKTREE: published UNREACHABLE (DENIED by network policy); TIP == PIN; pin PIN_MATCH; fragment PRESENT_DERIVED -> PRESENT_DERIVED; clause UNCHANGED (file identical)
AUTH-GPU-ADAPTER-EXPIRE: published UNREACHABLE (DENIED by network policy); TIP == PIN; pin PIN_MATCH; fragment PRESENT_EXPLICIT -> PRESENT_EXPLICIT; clause UNCHANGED (file identical)
AUTH-GPU-ADAPTERINFO: published UNREACHABLE (DENIED by network policy); TIP == PIN; pin PIN_MATCH; fragment PRESENT_EXPLICIT -> PRESENT_EXPLICIT; clause UNCHANGED (file identical)
AUTH-GPU-DESTROY: published UNREACHABLE (DENIED by network policy); TIP == PIN; pin PIN_MATCH; fragment PRESENT_DERIVED -> PRESENT_DERIVED; clause UNCHANGED (file identical)
AUTH-GPU-FALLBACK-ADAPTER: published UNREACHABLE (DENIED by network policy); TIP == PIN; pin PIN_MATCH; fragment PRESENT_DERIVED -> PRESENT_DERIVED; clause UNCHANGED (file identical)
AUTH-GPU-LIMITS-MAXBUFFERSIZE: published UNREACHABLE (DENIED by network policy); TIP == PIN; pin PIN_MATCH; fragment PRESENT_DERIVED -> PRESENT_DERIVED; clause UNCHANGED (file identical)
AUTH-GPU-LOSE-DEVICE: published UNREACHABLE (DENIED by network policy); TIP == PIN; pin PIN_MATCH; fragment PRESENT_DERIVED -> PRESENT_DERIVED; clause UNCHANGED (file identical)
AUTH-GPU-LOST: published UNREACHABLE (DENIED by network policy); TIP == PIN; pin PIN_MATCH; fragment PRESENT_DERIVED -> PRESENT_DERIVED; clause UNCHANGED (file identical)
AUTH-GPU-NAVIGATOR-GPU: published UNREACHABLE (DENIED by network policy); TIP == PIN; pin PIN_MATCH; fragment PRESENT_DERIVED -> PRESENT_DERIVED; clause UNCHANGED (file identical)
AUTH-GPU-REQUESTADAPTER: published UNREACHABLE (DENIED by network policy); TIP == PIN; pin PIN_MATCH; fragment PRESENT_DERIVED -> PRESENT_DERIVED; clause UNCHANGED (file identical)
AUTH-GPU-REQUESTDEVICE: published UNREACHABLE (DENIED by network policy); TIP == PIN; pin PIN_MATCH; fragment PRESENT_DERIVED -> PRESENT_DERIVED; clause UNCHANGED (file identical)
AUTH-HTML-COI: published UNREACHABLE (DENIED by network policy); TIP == PIN; pin PIN_MATCH; fragment PRESENT_DERIVED -> PRESENT_DERIVED; clause UNCHANGED (file identical)
AUTH-HTML-HWCONCURRENCY: published UNREACHABLE (DENIED by network policy); TIP == PIN; pin PIN_MATCH; fragment PRESENT_EXPLICIT -> PRESENT_EXPLICIT; clause UNCHANGED (file identical)
AUTH-HTML-SANDBOX-ORIGIN: published UNREACHABLE (DENIED by network policy); TIP == PIN; pin PIN_MATCH; fragment NOT_CITED -> NOT_CITED; clause UNCHANGED (file identical)
AUTH-HTML-WORKERS: published UNREACHABLE (DENIED by network policy); TIP == PIN; pin PIN_MATCH; fragment PRESENT_EXPLICIT -> PRESENT_EXPLICIT; clause UNCHANGED (file identical)
AUTH-IDB-TRANSACTION: published UNREACHABLE (DENIED by network policy); TIP == PIN; pin PIN_MATCH; fragment NOT_CITED -> NOT_CITED; clause UNCHANGED (file identical)
AUTH-MANIFEST-INSTALLABLE: published UNREACHABLE (DENIED by network policy); TIP == PIN; pin PIN_MATCH; fragment NOT_CITED -> NOT_CITED; clause UNCHANGED (file identical)
AUTH-PLAYWRIGHT-INSTALLED: published LOCAL_PRESENT; LOCAL FILE (no pinned sha); pin PIN_NOT_REPRODUCIBLE_LOCALLY; fragment NOT_CITED -> NOT_CITED; clause NO_CLAUSE_KEY
AUTH-RUST-REF-NOSTD: published UNREACHABLE (DENIED by network policy); TIP == PIN; pin PIN_MATCH; fragment PRESENT_DERIVED -> PRESENT_DERIVED; clause UNCHANGED (file identical)
AUTH-RUSTC-WASM64-DOC: published UNREACHABLE (DENIED by network policy); TIP MOVED, FILE IDENTICAL; pinned branch master absent, default ref refs/heads/main; pin PIN_MATCH; fragment NOT_CITED -> NOT_CITED; clause UNCHANGED (file identical)
AUTH-RUSTC-WASM64-TARGET-SPEC: published HTTP_403; TIP MOVED, FILE IDENTICAL; pinned branch master absent, default ref refs/heads/main; pin PIN_MATCH; fragment NOT_CITED -> NOT_CITED; clause UNCHANGED (file identical)
AUTH-SECCTX-TRUSTWORTHY: published UNREACHABLE (DENIED by network policy); TIP == PIN; pin PIN_MATCH; fragment PRESENT_EXPLICIT -> PRESENT_EXPLICIT; clause UNCHANGED (file identical)
AUTH-STORAGE-BUCKET-MODE: published UNREACHABLE (DENIED by network policy); TIP == PIN; pin PIN_MATCH; fragment NOT_CITED -> NOT_CITED; clause UNCHANGED (file identical)
AUTH-SW-INSTALL-FAILED: published UNREACHABLE (DENIED by network policy); TIP == PIN; pin PIN_MATCH; fragment NOT_CITED -> NOT_CITED; clause UNCHANGED (file identical)
AUTH-SW-REGISTER-TRUST: published UNREACHABLE (DENIED by network policy); TIP == PIN; pin PIN_MATCH; fragment NOT_CITED -> NOT_CITED; clause UNCHANGED (file identical)
AUTH-SW-SANDBOX-NO-CONTROLLER: published UNREACHABLE (DENIED by network policy); TIP == PIN; pin PIN_MATCH; fragment NOT_CITED -> NOT_CITED; clause UNCHANGED (file identical)
AUTH-SW-UPDATE-BYPASS: published UNREACHABLE (DENIED by network policy); TIP == PIN; pin PIN_MATCH; fragment NOT_CITED -> NOT_CITED; clause UNCHANGED (file identical)
AUTH-SWIFTSHADER-README: published HTTP_403; TIP == PIN; pin PIN_MATCH; fragment NOT_CITED -> NOT_CITED; clause UNCHANGED (file identical)
AUTH-V8-FLAGS: published UNREACHABLE (DENIED by network policy); TIP MOVED, FILE CHANGED; pin PIN_MATCH; fragment NOT_CITED -> NOT_CITED; clause UNCHANGED (clause identical, same lines)
AUTH-WASM-CORE-BINARY-LIMITS: published UNREACHABLE (DENIED by network policy); TIP == PIN; pin PIN_MATCH; fragment PRESENT_EXPLICIT -> PRESENT_EXPLICIT; clause UNCHANGED (file identical)
AUTH-WASM-CORE-CHANGES-64: published UNREACHABLE (DENIED by network policy); TIP == PIN; pin PIN_MATCH; fragment NOT_CITED -> NOT_CITED; clause UNCHANGED (file identical)
AUTH-WASM-CORE-SYNTAX-ADDRTYPE: published UNREACHABLE (DENIED by network policy); TIP == PIN; pin PIN_MATCH; fragment PRESENT_EXPLICIT -> PRESENT_EXPLICIT; clause UNCHANGED (file identical)
AUTH-WASM-CORE-TEXT-ADDRTYPE: published UNREACHABLE (DENIED by network policy); TIP == PIN; pin PIN_MATCH; fragment PRESENT_EXPLICIT -> PRESENT_EXPLICIT; clause UNCHANGED (file identical)
AUTH-WASM-CORE-TEXT-MEMTYPE: published UNREACHABLE (DENIED by network policy); TIP == PIN; pin PIN_MATCH; fragment PRESENT_EXPLICIT -> PRESENT_EXPLICIT; clause UNCHANGED (file identical)
AUTH-WASM-JSAPI-MEMORIES: published UNREACHABLE (DENIED by network policy); TIP == PIN; pin PIN_MATCH; fragment PRESENT_EXPLICIT -> PRESENT_EXPLICIT; clause UNCHANGED (file identical)
AUTH-WASM-JSAPI-STORAGE: published UNREACHABLE (DENIED by network policy); TIP == PIN; pin PIN_MATCH; fragment ABSENT -> ABSENT; clause UNCHANGED (file identical)
AUTH-WASM-JSAPI-VALIDATE: published UNREACHABLE (DENIED by network policy); TIP == PIN; pin PIN_MATCH; fragment PRESENT_DERIVED -> PRESENT_DERIVED; clause UNCHANGED (file identical)
AUTH-WASM-SET: published OPENED; TIP == PIN; pin PIN_MATCH; fragment NOT_CITED -> NOT_CITED; clause UNCHANGED (file identical)
AUTH-WASM-THREADS: published UNREACHABLE (DENIED by network policy); TIP == PIN; pin PIN_MATCH; fragment NOT_CITED -> NOT_CITED; clause UNCHANGED (file identical)
AUTH-WASM-WEBAPI-STREAMING: published UNREACHABLE (DENIED by network policy); TIP == PIN; pin PIN_MATCH; fragment ABSENT -> ABSENT; clause UNCHANGED (file identical)
AUTH-WEB-LOCKS: published UNREACHABLE (DENIED by network policy); TIP == PIN; pin PIN_MATCH; fragment NOT_CITED -> NOT_CITED; clause UNCHANGED (file identical)
AUTH-WEBCRYPTO-DIGEST: published UNREACHABLE (DENIED by network policy); TIP == PIN; pin PIN_MATCH; fragment NOT_CITED -> NOT_CITED; clause UNCHANGED (file identical)
AUTH-WGSL: published UNREACHABLE (DENIED by network policy); TIP == PIN; pin PIN_MATCH; fragment NOT_CITED -> NOT_CITED; clause UNCHANGED (file identical)
LAW-EVIDENCE-OBLIGATIONS: published REPOSITORY_LAW (read at canonical HEAD); TIP MOVED, FILE CHANGED; pin PIN_MATCH; fragment PRESENT_EXPLICIT -> PRESENT_EXPLICIT; clause MOVED (clause identical, new lines)
LAW-FACTORY-CONTRACTS: published REPOSITORY_LAW (read at canonical HEAD); TIP MOVED, FILE CHANGED; pin PIN_MATCH; fragment PRESENT_EXPLICIT -> PRESENT_EXPLICIT; clause UNCHANGED (clause identical, same lines)
LAW-FACTORY-LAW: published REPOSITORY_LAW (read at canonical HEAD); TIP MOVED, FILE IDENTICAL; pin PIN_MATCH; fragment PRESENT_EXPLICIT -> PRESENT_EXPLICIT; clause UNCHANGED (file identical)
LAW-PASS1-FT003: published REPOSITORY_LAW (read at canonical HEAD); TIP MOVED, FILE IDENTICAL; pin PIN_MATCH; fragment NOT_CITED -> NOT_CITED; clause UNCHANGED (file identical)
LAW-PASS6-COMMISSIONING: published REPOSITORY_LAW (read at canonical HEAD); TIP MOVED, FILE IDENTICAL; pin PIN_MATCH; fragment PRESENT_EXPLICIT -> PRESENT_EXPLICIT; clause UNCHANGED (file identical)
LAW-PLANNER-COST-MODEL: published REPOSITORY_LAW (read at canonical HEAD); TIP MOVED, FILE IDENTICAL; pin PIN_MATCH; fragment NOT_CITED -> NOT_CITED; clause UNCHANGED (file identical)
LAW-RUNTIME-ADMISSION: published REPOSITORY_LAW (read at canonical HEAD); TIP MOVED, FILE IDENTICAL; pin PIN_MATCH; fragment PRESENT_EXPLICIT -> PRESENT_EXPLICIT; clause UNCHANGED (file identical)
{"published":{"UNREACHABLE (DENIED by network policy)":53,"LOCAL_PRESENT":1,"HTTP_403":2,"OPENED":1,"REPOSITORY_LAW (read at canonical HEAD)":7},"tip_relation":{"TIP == PIN":49,"TIP MOVED, FILE IDENTICAL":11,"LOCAL FILE (no pinned sha)":1,"TIP MOVED, FILE CHANGED":3},"clause":{"UNCHANGED":62,"NO_CLAUSE_KEY":1,"MOVED":1},"fragment_at_tip":{"PRESENT_DERIVED":13,"NOT_CITED":32,"PRESENT_EXPLICIT":16,"ABSENT":3}}
[exit 0]
