$ sh -c node tests/audit/final-condition.mjs --evidence evidence/D26 --audit evidence/D26/audit/consistency.json --manifest evidence/D26/manifest.json --gate evidence/D26/gate.json --graph design/environment-map/graph.json --issues tests/manifest/issues.json --selection evidence/D26/selection.json --results evidence/D26/results --status evidence/D26/status/inventory.json --handoff-check evidence/D26/handoff-check.json --handoff docs/HANDOFF.md --base 2c0aeda18d0b42eb97fa060f5603b65e986851cb --out evidence/D26/audit/final-condition-final.json && node -e 'const J=p=>JSON.parse(require("fs").readFileSync(p));const a=J("evidence/D26/audit/final-condition.json"),b=J("evidence/D26/audit/final-condition-final.json"),c=J("evidence/D26/audit/consistency.json"),d=J("evidence/D26/audit/consistency-final.json");const v=x=>JSON.stringify(x.lines.map(l=>l.status));const w=x=>JSON.stringify(x.checks.map(l=>l.status));if(b.status!=="PASS"||v(a)!==v(b)||d.status!=="PASS"||w(c)!==w(d))process.exit(1);console.log("final condition and audit identical on the committed graph: 21 PASS")'
(cwd .)
[PASS] every live production component is in the execution manifest - 22 production components; 4434 tracked files; unassigned 0; coverage missing 0
[PASS] every live component has an owner and consumer/terminal role - 55 live components with owner, consumer and station
[PASS] every production mutation surface is Factory-controlled - 10 registered stations cover every file of every live component
[PASS] Factory positive and adversarial tests pass - PASS: {"total":29,"passed":29,"failed":0,"ignored":0}
[PASS] qualified HOST_NATIVE_SET passes - 8 HOST obligations: PASS,PASS,PASS,PASS,PASS,PASS,PASS,PASS
[PASS] qualified WASM64_KERNEL_SET passes - 8 WASM64 obligations: PASS,PASS,PASS,PASS,PASS,PASS,PASS,PASS
[PASS] dependency / manifest proof passes - 5 ALL/pin obligations; tally {"PASS":22,"OBS":3,"HEURISTIC":2}
[PASS] mutant judge self-attack passes - mutants RUN: /
[PASS] every implemented compiler stage executes through its consumer - 14 crates in dependency order; tests {"passed":1011,"failed":0}
[PASS] every promised ABI surface is implemented/proved or explicitly classified as future scope - Q-WASM-08 PASS; owner stops on the contract text: I-29
[PASS] genericity is demonstrated with multiple specimens - 4 specimens PASS; 13 attacks PASS
[PASS] Byte Relay is DATA, not hidden compiler architecture - anti-cheat: compiler-src: clean; codegen-templates: clean; factory-src: clean; host: clean; backend-names: clean; commissioning specimen in FIXTURE tier (FIXTURE-COMMISSIONING)
[PASS] generated bundles independently verify - 4 fresh bundles: certificate PASS and integrity PASS
[PASS] fresh physical runtime probes support current runtime claims - physical PASS; re-proved runtime facts 14
[PASS] every repair was tested before another repair - D21R, D22, D23, D24, D25: each integrated (verified receipts) before the next began; every delta receipted and verified
[PASS] stale affected claims were selected and re-proved - 101 selected of 169 (gaps 0); 11 groups ran, 101 facts re-proved
[PASS] current environment graph contains D21-D26 execution epochs - epochs: D11 D12 D13 D14 D15 D16 D17 D18 D18R D19 D14-RESCAN D20-SYNC D20 D21 D21R D22 D23 D24 D25 D26
[PASS] current handoff describes the observed system - handoff check PASS; last delta D26 named: true
[PASS] historical evidence is untouched - no change to any earlier evidence package
[PASS] remaining GAP/ERR/UNK are capability, external, historical, conflict, environmental or owner-decision boundaries - 11 open issues, every one class D/E/F/G (I-02:F, I-03:F, I-04:F, I-12:G, I-13:G, I-15:D, I-16:E, I-17:F, I-18:G, I-29:G, I-33:D)
[PASS] no known internal repo/implementation defect remains hidden behind a historical status marker - status scan PASS, unclassified 0; 25 A/B/C issues all REPAIRED
PASS
final condition and audit identical on the committed graph: 21 PASS

[exit 0] expected 0
