$ sh -c node tests/reprove/run-selected.mjs --selection evidence/D26/selection.json --runbook tests/reprove/runbook.json --kind source --out evidence/D26
(cwd .)
PASS clauses: node tests/reference/clauses.mjs tests/reference/d15-clauses.json design/environment-map/graph.json evidence/D (46 s)
PASS clauses: node tests/reference/clauses.mjs tests/reference/d16-clauses.json design/environment-map/graph.json evidence/D (34 s)
PASS clauses FACT-D15-CLAUSES-VERIFIED
PASS clauses FACT-D16-CLAUSES-VERIFIED
PASS ingress: H=$(node -e 'process.stdout.write(JSON.parse(require("fs").readFileSync("tests/sync/d20-line.json")).line.head (31 s)
PASS ingress FACT-D14-REOPEN-CARGO-BUILD-STD
PASS ingress FACT-D14-REOPEN-CHROMIUM-CONTENT-SWITCHES
PASS ingress FACT-D14-REOPEN-CHROMIUM-GL-SWITCHES
PASS ingress FACT-D14-REOPEN-CHROMIUM-GPU-SWITCHES
PASS ingress FACT-D14-REOPEN-CHROMIUM-SWIFTSHADER-DOC
PASS ingress FACT-D14-REOPEN-COMPRESSION-ZLIB
PASS ingress FACT-D14-REOPEN-FS-OPFS
PASS ingress FACT-D14-REOPEN-GIT-GLOSSARY-COMMIT
PASS ingress FACT-D14-REOPEN-GIT-OBJECT-FORMAT
PASS ingress FACT-D14-REOPEN-GIT-PACK-FORMAT
PASS ingress FACT-D14-REOPEN-GIT-REPO-LAYOUT
PASS ingress FACT-D14-REOPEN-GIT-REVISIONS
PASS ingress FACT-D14-REOPEN-GIT-SHA256-TRANSITION
PASS ingress FACT-D14-REOPEN-GIT-UPDATE-REF-CAS
PASS ingress FACT-D14-REOPEN-GIT-WORKTREE
PASS ingress FACT-D14-REOPEN-GPU-ADAPTER-EXPIRE
PASS ingress FACT-D14-REOPEN-GPU-ADAPTERINFO
PASS ingress FACT-D14-REOPEN-GPU-DESTROY
PASS ingress FACT-D14-REOPEN-GPU-FALLBACK-ADAPTER
PASS ingress FACT-D14-REOPEN-GPU-LIMITS-MAXBUFFERSIZE
PASS ingress FACT-D14-REOPEN-GPU-LOSE-DEVICE
PASS ingress FACT-D14-REOPEN-GPU-LOST
PASS ingress FACT-D14-REOPEN-GPU-NAVIGATOR-GPU
PASS ingress FACT-D14-REOPEN-GPU-REQUESTADAPTER
PASS ingress FACT-D14-REOPEN-GPU-REQUESTDEVICE
PASS ingress FACT-D14-REOPEN-HTML-COI
PASS ingress FACT-D14-REOPEN-HTML-HWCONCURRENCY
PASS ingress FACT-D14-REOPEN-HTML-SANDBOX-ORIGIN
PASS ingress FACT-D14-REOPEN-HTML-WORKERS
PASS ingress FACT-D14-REOPEN-IDB-TRANSACTION
PASS ingress FACT-D14-REOPEN-MANIFEST-INSTALLABLE
PASS ingress FACT-D14-REOPEN-RUST-REF-NOSTD
PASS ingress FACT-D14-REOPEN-RUSTC-WASM64-DOC
PASS ingress FACT-D14-REOPEN-RUSTC-WASM64-TARGET-SPEC
PASS ingress FACT-D14-REOPEN-SECCTX-TRUSTWORTHY
PASS ingress FACT-D14-REOPEN-STORAGE-BUCKET-MODE
PASS ingress FACT-D14-REOPEN-SW-INSTALL-FAILED
PASS ingress FACT-D14-REOPEN-SW-REGISTER-TRUST
PASS ingress FACT-D14-REOPEN-SW-SANDBOX-NO-CONTROLLER
PASS ingress FACT-D14-REOPEN-SW-UPDATE-BYPASS
PASS ingress FACT-D14-REOPEN-SWIFTSHADER-README
PASS ingress FACT-D14-REOPEN-V8-FLAGS
PASS ingress FACT-D14-REOPEN-WASM-CORE-BINARY-LIMITS
PASS ingress FACT-D14-REOPEN-WASM-CORE-CHANGES-64
PASS ingress FACT-D14-REOPEN-WASM-CORE-SYNTAX-ADDRTYPE
PASS ingress FACT-D14-REOPEN-WASM-CORE-TEXT-ADDRTYPE
PASS ingress FACT-D14-REOPEN-WASM-CORE-TEXT-MEMTYPE
PASS ingress FACT-D14-REOPEN-WASM-JSAPI-MEMORIES
PASS ingress FACT-D14-REOPEN-WASM-JSAPI-VALIDATE
PASS ingress FACT-D14-REOPEN-WASM-SET
PASS ingress FACT-D14-REOPEN-WASM-THREADS
PASS ingress FACT-D14-REOPEN-WEB-LOCKS
PASS ingress FACT-D14-REOPEN-WEBCRYPTO-DIGEST
PASS ingress FACT-D14-REOPEN-WGSL
PASS reopen: T=$(mktemp -d) && node tests/envmap/envmap.mjs merge --base-rev fdb9c32 --epochs design/environment-map/epochs (71 s)
PASS reopen FACT-D14-D11-PINS-RECHECKED-D20
PASS reopen FACT-FRONTIER-SOURCES-AT-PIN
PASS reopen FACT-MEMORY64-FINISHED
PASS reopen FACT-WASM-SET-PHASE-1
PASS reopen FACT-WASM-THREADS-PHASE-4

[exit 0] expected 0
