$ node tests/reference/clauses.mjs tests/reference/d16-clauses.json design/environment-map/graph.json evidence/D16/clauses
(cwd .)
VERIFIED           CL-GPU1  AUTH-GPU-NAVIGATOR-GPU @2461  
VERIFIED           CL-GPU2  AUTH-GPU-REQUESTADAPTER @2494 
VERIFIED           CL-GPU3  AUTH-GPU-REQUESTADAPTER @2544 
VERIFIED           CL-GPU4  AUTH-GPU-REQUESTDEVICE @2929 
VERIFIED           CL-GPU5  AUTH-GPU-REQUESTDEVICE @2950 
VERIFIED           CL-GPU6  AUTH-GPU-ADAPTER-EXPIRE @2972 
VERIFIED           CL-GPU7  AUTH-GPU-LOSE-DEVICE @1459 
VERIFIED           CL-GPU8  AUTH-GPU-FALLBACK-ADAPTER @1315 
VERIFIED           CL-GPU9  AUTH-GPU-REQUESTDEVICE @3823 
VERIFIED           CL-GPU10  AUTH-GPU-REQUESTDEVICE @7237 
VERIFIED           CL-GPU11  AUTH-WGSL @366 
VERIFIED           CL-NN1  AUTH-WEBNN @977 
VERIFIED           CL-NN2  AUTH-WEBNN @963 
VERIFIED           CL-NN3  AUTH-WEBNN @1051 
VERIFIED           CL-NN4  AUTH-WEBNN @1689 
VERIFIED           CL-WC1  AUTH-WEBCODECS @1378  
VERIFIED           CL-WC2  AUTH-WEBCODECS @1622 
VERIFIED           CL-WC3  AUTH-WEBCODECS @6229 
VERIFIED           CL-WC4  AUTH-WEBCODECS @6250 
VERIFIED           CL-MC1  AUTH-MEDIACAPTURE @2787 
VERIFIED           CL-MC2  AUTH-MEDIACAPTURE @5738 
VERIFIED           CL-MC3  AUTH-MEDIACAPTURE @5794 
VERIFIED           CL-MC4  AUTH-MEDIACAPTURE @3795 
VERIFIED           CL-MC5  AUTH-MEDIACAPTURE @4085 
VERIFIED           CL-MC6  AUTH-MEDIACAPTURE @2741 
VERIFIED           CL-GS0  AUTH-GENERIC-SENSOR @28 
VERIFIED           CL-GS1  AUTH-GENERIC-SENSOR @885 
VERIFIED           CL-GS2  AUTH-GENERIC-SENSOR @754 
VERIFIED           CL-GS3  AUTH-GENERIC-SENSOR @1121 
VERIFIED           CL-GS4  AUTH-GENERIC-SENSOR @1261 
VERIFIED           CL-ACC0  AUTH-ACCELEROMETER @25 
VERIFIED           CL-ACC1  AUTH-ACCELEROMETER @321 
VERIFIED           CL-ACC2  AUTH-ACCELEROMETER @191 
VERIFIED           CL-GYR0  AUTH-GYROSCOPE @26 
VERIFIED           CL-GYR1  AUTH-GYROSCOPE @178 
VERIFIED           CL-GYR2  AUTH-GYROSCOPE @127 
VERIFIED           CL-MAG0  AUTH-MAGNETOMETER @23 
VERIFIED           CL-MAG1  AUTH-MAGNETOMETER @243 
VERIFIED           CL-MAG2  AUTH-MAGNETOMETER @184 
VERIFIED           CL-ORI0  AUTH-ORIENTATION-SENSOR @17 
VERIFIED           CL-ORI1  AUTH-ORIENTATION-SENSOR @220 
VERIFIED           CL-ORI2  AUTH-ORIENTATION-SENSOR @196 
VERIFIED           CL-PRX0  AUTH-PROXIMITY @16 
VERIFIED           CL-PRX1  AUTH-PROXIMITY @152 
VERIFIED           CL-PRX2  AUTH-PROXIMITY @110 
VERIFIED           CL-ALS0  AUTH-AMBIENT-LIGHT @17 
VERIFIED           CL-ALS1  AUTH-AMBIENT-LIGHT @309 
VERIFIED           CL-ALS2  AUTH-AMBIENT-LIGHT @266 
VERIFIED           CL-ALS3  AUTH-AMBIENT-LIGHT @340 
VERIFIED           CL-DO1  AUTH-DEVICE-ORIENTATION @235 
VERIFIED           CL-DO2  AUTH-DEVICE-ORIENTATION @294 
VERIFIED           CL-DO3  AUTH-DEVICE-ORIENTATION @265 
VERIFIED           CL-DO4  AUTH-DEVICE-ORIENTATION @232 
VERIFIED           CL-GEO1  AUTH-GEOLOCATION @501 
VERIFIED           CL-GEO2  AUTH-GEOLOCATION @668 
VERIFIED           CL-GEO3  AUTH-GEOLOCATION @655 
VERIFIED           CL-GEO4  AUTH-GEOLOCATION @451 
VERIFIED           CL-GEO5  AUTH-GEOLOCATION @681 
VERIFIED           CL-XR1  AUTH-WEBXR @270 
VERIFIED           CL-XR2  AUTH-WEBXR @347 
VERIFIED           CL-XR3  AUTH-WEBXR @373 
VERIFIED           CL-XR4  AUTH-WEBXR @2768 
VERIFIED           CL-XR5  AUTH-WEBXR @417 
VERIFIED           CL-XR6  AUTH-WEBXR @988 
VERIFIED           CL-HID1  AUTH-WEBHID @253 
VERIFIED           CL-HID2  AUTH-WEBHID @1047 
VERIFIED           CL-HID3  AUTH-WEBHID @2918 
VERIFIED           CL-HID4  AUTH-WEBHID @346 
VERIFIED           CL-USB1  AUTH-WEBUSB @460 
VERIFIED           CL-USB2  AUTH-WEBUSB @693 
VERIFIED           CL-USB3  AUTH-WEBUSB @2560 
VERIFIED           CL-SER1  AUTH-SERIAL @34 
VERIFIED           CL-SER2  AUTH-SERIAL @134 
VERIFIED           CL-SER3  AUTH-SERIAL @1883 
VERIFIED           CL-SER4  AUTH-SERIAL @595 
VERIFIED           CL-BT1  AUTH-WEB-BLUETOOTH @554 
VERIFIED           CL-BT2  AUTH-WEB-BLUETOOTH @1447 
VERIFIED           CL-BT3  AUTH-WEB-BLUETOOTH @1832 
VERIFIED           CL-BT4  AUTH-WEB-BLUETOOTH @5177 
VERIFIED           CL-BT5  AUTH-WEB-BLUETOOTH @1978 
VERIFIED           CL-WK1  AUTH-HTML-WORKERS @136388 
VERIFIED           CL-WK2  AUTH-HTML-WORKERS @136509 
VERIFIED           CL-WK3  AUTH-HTML-WORKERS @136450 
VERIFIED           CL-STQ1  AUTH-STORAGE-BUCKET-MODE @617 
VERIFIED           CL-OPFS1  AUTH-FS-OPFS @1696 
VERIFIED           CL-CS1  AUTH-SW-CACHE-OBJECTS @1993 
VERIFIED           CL-CS2  AUTH-SW-CACHE-OBJECTS @2268 
VERIFIED           CL-WJ1  AUTH-WASM-JSAPI-VALIDATE @417  
VERIFIED           CL-WJ2  AUTH-WASM-JSAPI-VALIDATE @653 
VERIFIED           CL-IDB1  AUTH-IDB-TRANSACTION @2192  
{"VERIFIED":90}

[exit 0] expected 0
