$ node tests/reference/clauses.mjs tests/reference/d17-clauses.json design/environment-map/graph.json evidence/D17/clauses
(cwd .)
VERIFIED           CL-IMP-BR1  AUTH-IMPL-BLINK-RUNTIME-FEATURES @5507 
VERIFIED           CL-IMP-BR2  AUTH-IMPL-BLINK-RUNTIME-FEATURES @4425 
VERIFIED           CL-IMP-BR3  AUTH-IMPL-BLINK-RUNTIME-FEATURES @1765 
VERIFIED           CL-IMP-BR4  AUTH-IMPL-BLINK-RUNTIME-FEATURES @3026 
VERIFIED           CL-IMP-BR5  AUTH-IMPL-BLINK-RUNTIME-FEATURES @5609 
VERIFIED           CL-IMP-BR6  AUTH-IMPL-BLINK-RUNTIME-FEATURES @4431 
VERIFIED           CL-IMP-BR7  AUTH-IMPL-BLINK-RUNTIME-FEATURES @5706 
VERIFIED           CL-IMP-BR8  AUTH-IMPL-BLINK-RUNTIME-FEATURES @5738 
VERIFIED           CL-IMP-IDL1  AUTH-IMPL-BLINK-IDL-MAGNETOMETER @9 
VERIFIED           CL-IMP-IDL2  AUTH-IMPL-BLINK-IDL-AMBIENT-LIGHT @8 
VERIFIED           CL-IMP-IDL3  AUTH-IMPL-BLINK-IDL-DEVICE-ORIENTATION @36 
VERIFIED           CL-IMP-IDL4  AUTH-IMPL-BLINK-IDL-NAVIGATOR-ML @11 
VERIFIED           CL-IMP-IDL5  AUTH-IMPL-BLINK-IDL-NAVIGATOR-BLUETOOTH @9 
VERIFIED           CL-IMP-IDL6  AUTH-IMPL-BLINK-IDL-MODULES @712  
VERIFIED           CL-IMP-WN1  AUTH-IMPL-WEBNN-FEATURES @9 
VERIFIED           CL-IMP-SAB1  AUTH-IMPL-BLINK-V8-INITIALIZER @556 
VERIFIED           CL-IMP-SAB2  AUTH-IMPL-BLINK-V8-INITIALIZER @809 
VERIFIED           CL-IMP-GPU1  AUTH-IMPL-GPU-FINCH-FEATURES @198 
VERIFIED           CL-IMP-GPU2  AUTH-IMPL-GPU-SWITCHES-141 @44 
VERIFIED           CL-IMP-GPU3  AUTH-IMPL-GPU-SWITCHES-141 @33 
VERIFIED           CL-IMP-GPU4  AUTH-IMPL-GPU-UTIL @194 
VERIFIED           CL-IMP-GPU5  AUTH-IMPL-GL-SWITCHES-141 @156 
VERIFIED           CL-IMP-GPU6  AUTH-IMPL-GL-SWITCHES-141 @93 
VERIFIED           CL-IMP-GPU7  AUTH-IMPL-GPU-FINCH-FEATURES @178 
VERIFIED           CL-IMP-GPU8  AUTH-IMPL-BLINK-GPU-ADAPTER @124 
VERIFIED           CL-IMP-GPU9  AUTH-IMPL-SWIFTSHADER-README @8 
VERIFIED           CL-IMP-DEPS1  AUTH-IMPL-CHROMIUM-DEPS @316 
VERIFIED           CL-IMP-DEPS2  AUTH-IMPL-CHROMIUM-DEPS @324 
VERIFIED           CL-IMP-DEPS3  AUTH-IMPL-CHROMIUM-DEPS @424 
VERIFIED           CL-IMP-HL1  AUTH-IMPL-HEADLESS-PERMISSIONS @25 
VERIFIED           CL-IMP-HL2  AUTH-IMPL-HEADLESS-PERMISSIONS @53 
VERIFIED           CL-IMP-HL3  AUTH-IMPL-CHROME-DURABLE-STORAGE @103 
VERIFIED           CL-IMP-HL4  AUTH-IMPL-CHROME-DURABLE-STORAGE @115 
VERIFIED           CL-IMP-V8A  AUTH-IMPL-V8-WASM-FLAGS-141 @51  
VERIFIED           CL-IMP-V8B  AUTH-IMPL-V8-WASM-FLAGS-NODE @75 
VERIFIED           CL-IMP-RS1  AUTH-RUSTC-WASM64-TARGET-SPEC @38 
VERIFIED           CL-IMP-RS2  AUTH-RUSTC-WASM64-DOC @33 
VERIFIED           CL-IMP-RS3  AUTH-IMPL-CARGO-BUILD-STD @220 
VERIFIED           CL-IMP-RS4  AUTH-IMPL-LLVM-FUNCTION-IMPORT @143 
VERIFIED           CL-IMP-RS5  AUTH-IMPL-LLVM-SUMMARY-INDEX @1966 
VERIFIED           CL-IMP-PW1  AUTH-IMPL-PLAYWRIGHT-CHROMIUM @315 
VERIFIED           CL-IMP-PW2  AUTH-IMPL-PLAYWRIGHT-SWITCHES @52 
VERIFIED           CL-IMP-PW3  AUTH-IMPL-PLAYWRIGHT-SWITCHES @42 
VERIFIED           CL-IMP-PW4  AUTH-IMPL-PLAYWRIGHT-BROWSERS @11 
{"VERIFIED":44}

[exit 0] expected 0
