$ node tests/reference/clauses.mjs tests/reference/d15-clauses.json design/environment-map/graph.json evidence/D15/clauses
(cwd .)
VERIFIED           CL-R1  AUTH-RUST-REF-NOSTD @53 
VERIFIED           CL-R2  AUTH-RUST-REF-NOSTD @24 
VERIFIED           CL-R3  AUTH-CARGO-BUILD-STD @558 
VERIFIED           CL-R4  AUTH-RUSTC-WASM64-DOC @77 
VERIFIED           CL-R5  AUTH-RUSTC-WASM64-DOC @62 
VERIFIED           CL-R6  AUTH-RUSTC-WASM64-DOC @86 
VERIFIED           CL-R7  AUTH-RUSTC-WASM64-DOC @33 
VERIFIED           CL-R8  AUTH-RUSTC-WASM64-TARGET-SPEC @38 
VERIFIED           CL-R9  AUTH-RUSTC-WASM64-TARGET-SPEC @48 
VERIFIED           CL-W1  AUTH-WASM-CORE-SYNTAX-ADDRTYPE @330 
VERIFIED           CL-W2  AUTH-WASM-SPECTEC-VALIDATION @228 
VERIFIED           CL-W3  AUTH-WASM-CORE-BINARY-LIMITS @138 
VERIFIED           CL-W4  AUTH-WASM-CORE-CHANGES-64 @432 
VERIFIED           CL-W5  AUTH-WASM-JSAPI-MEMORIES @803 
VERIFIED           CL-W6  AUTH-WASM-JSAPI-MEMORIES @872 
VERIFIED           CL-W7  AUTH-WASM-JSAPI-MEMORIES @1491 
VERIFIED           CL-W8  AUTH-WASM-JSAPI-VALUES @1419 
VERIFIED           CL-W9  AUTH-WASM-JSAPI-VALUES @1376 
VERIFIED           CL-S1  AUTH-WASM-WEBAPI-STREAMING @114 
VERIFIED           CL-S2  AUTH-WASM-WEBAPI-STREAMING @127 
VERIFIED           CL-S3  AUTH-FETCH @1474 
VERIFIED           CL-S4  AUTH-STREAMS @123 
VERIFIED           CL-T1  AUTH-WASM-JSAPI-STORAGE @330 
VERIFIED           CL-T2  AUTH-WASM-THREADS @147 
VERIFIED           CL-T3  AUTH-WASM-SET @4 
VERIFIED           CL-T4  AUTH-HTML-COI @10512 
VERIFIED           CL-T5  AUTH-HTML-COI @117443 
VERIFIED           CL-T6  AUTH-ECMA-262 @46276 
VERIFIED           CL-T7  AUTH-ECMA-262 @12771 
VERIFIED           CL-T8  AUTH-HTML-COI @117169 
VERIFIED           CL-I1  AUTH-WEBIDL @10629 
VERIFIED           CL-I2  AUTH-WEBIDL @9857 
VERIFIED           CL-I3  AUTH-WEBIDL @7785 
VERIFIED           CL-I4  AUTH-ECMA-262 @5672 
VERIFIED           CL-H1  AUTH-HTML-SECURE-CONTEXT @118175 
VERIFIED           CL-H2  AUTH-SECCTX-TRUSTWORTHY @556 
VERIFIED           CL-H3  AUTH-SECCTX-TRUSTWORTHY @546 
VERIFIED           CL-H4  AUTH-HTML-SANDBOX-ORIGIN @96158 
VERIFIED           CL-F1  AUTH-FETCH @1795 
VERIFIED           CL-F2  AUTH-SW-UPDATE-BYPASS @2821 
VERIFIED           CL-F3  AUTH-SW-UPDATE-BYPASS @281 
VERIFIED           CL-F4  AUTH-SW-REGISTER-TRUST @2759 
VERIFIED           CL-F5  AUTH-SW-INSTALL-FAILED @2994 
VERIFIED           CL-F6  AUTH-SW-SANDBOX-NO-CONTROLLER @353 
VERIFIED           CL-P1  AUTH-PERMISSIONS @383 
VERIFIED           CL-P2  AUTH-PERMISSIONS-POLICY @1082 
VERIFIED           CL-P3  AUTH-PERMISSIONS-POLICY @1074 
VERIFIED           CL-ST1  AUTH-STORAGE-BUCKET-MODE @363 
VERIFIED           CL-ST2  AUTH-STORAGE-BUCKET-MODE @570 
VERIFIED           CL-ST3  AUTH-STORAGE-BUCKET-MODE @619 
VERIFIED           CL-ST4  AUTH-FS-OPFS @429 
VERIFIED           CL-ST5  AUTH-FS-OPFS @433 
VERIFIED           CL-ST6  AUTH-IDB-TRANSACTION @882 
VERIFIED           CL-ST7  AUTH-WEB-LOCKS @357 
VERIFIED           CL-MF1  AUTH-MANIFEST-INSTALLABLE @2615 
VERIFIED           CL-G1  AUTH-GIT-OBJECT-FORMAT @4082 
VERIFIED           CL-G2  AUTH-GIT-UPDATE-REF-CAS @21 
VERIFIED           CL-G3  AUTH-GIT-MKTREE @17 
VERIFIED           CL-G4  AUTH-GIT-PACK-FORMAT @43 
VERIFIED           CL-G5  AUTH-GIT-SHA256-TRANSITION @152 
{"VERIFIED":60}

[exit 0] expected 0
