$ CARGO_TARGET_DIR=/home/user/factory-builds/d19-target cargo +1.94.1 build -p factory
   Compiling factc-foundation v0.1.0 (/home/user/factory-workpieces/W22/compiler/foundation)
   Compiling factory v0.1.0 (/home/user/factory-workpieces/W22/factory)
    Finished `dev` profile [unoptimized + debuginfo] target(s) in 1.64s
[exit 0]
$ CARGO_TARGET_DIR=/home/user/factory-builds/d19-target sh tests/toolchain/run-qualified-proof.sh evidence/D19/proof
== T13 pins and sets (default=1.94.1,stable=1.94.1,nightly=nightly-2026-09-24)
PASS T13-PIN-01-toolchain-pins  HOST_NATIVE_SET 1.94.1 (e408947bf) via rust-toolchain.toml; WASM64_KERNEL_SET nightly-2026-09-24 (6eeff9a52) via proof-sets.json; components present
PASS T9-P7-01-toolchain-identity  repository pins its toolchain
PASS T13-SETS-01-roots-partition  14 members = 13 HOST_NATIVE_SET roots (== default-members) + 1 WASM64_KERNEL_SET root (factc-wasm-abi); disjoint and complete; 31 physical manifests accounted
== HOST_NATIVE_SET (1.94.1)
PASS Q-HOST-01-build-dev  exit 0; 13 workspace packages [factc factc-bundle factc-capability factc-codegen factc-foundation factc-implementation factc-kernel factc-observe factc-planning factc-semantic factc-source factc-verifier factory]
PASS Q-HOST-02-build-release  exit 0; 13 workspace packages [factc factc-bundle factc-capability factc-codegen factc-foundation factc-implementation factc-kernel factc-observe factc-planning factc-semantic factc-source factc-verifier factory]
PASS Q-HOST-03-test-dev  exit 0; 13 workspace packages [factc factc-bundle factc-capability factc-codegen factc-foundation factc-implementation factc-kernel factc-observe factc-planning factc-semantic factc-source factc-verifier factory]; tests 103 passed / 0 failed over 34 harness runs
PASS Q-HOST-04-test-release  exit 0; 13 workspace packages [factc factc-bundle factc-capability factc-codegen factc-foundation factc-implementation factc-kernel factc-observe factc-planning factc-semantic factc-source factc-verifier factory]; tests 103 passed / 0 failed over 34 harness runs
PASS Q-HOST-05-clippy-all-targets  exit 0; 13 workspace packages [factc factc-bundle factc-capability factc-codegen factc-foundation factc-implementation factc-kernel factc-observe factc-planning factc-semantic factc-source factc-verifier factory]
PASS Q-HOST-06-std-in-kernel  rejected for the expected reason: 2xE0433 (E0433:2)
PASS Q-HOST-07-id-substitution  rejected for the expected reason: 3xE0308 (E0308:3)
PASS Q-HOST-08-forge-verified-strategy  rejected for the expected reason: 1xprivate-field ((no code):1)
== ALL_SOURCES / ALL_MEMBERS_GRAPH (1.94.1)
PASS Q-ALL-01-fmt-check  exit 0; 14 workspace packages [compiler/bundle compiler/capability compiler/codegen compiler/foundation compiler/implementation compiler/kernel compiler/observe compiler/planning compiler/semantic compiler/source compiler/verifier compiler/wasm-abi factory host/factc]
PASS Q-ALL-02-resolved-graph-first-party  14 packages, all path sources inside root; 49 declared dependency edges all path-inside-root; resolve graph 14 nodes; physical manifests not in the product graph: fixtures/compiler/negative/forge-verified-strategy/Cargo.toml(excluded), fixtures/compiler/negative/id-substitution/Cargo.toml(excluded), fixtures/compiler/negative/std-in-kernel/Cargo.toml(excluded), fixtures/compiler/negative/third-party-dep/Cargo.toml(excluded), fixtures/toolchain/mutants/M1-omitted-workspace-member/Cargo.toml(excluded), fixtures/toolchain/mutants/M1-omitted-workspace-member/alpha/Cargo.toml(excluded), fixtures/toolchain/mutants/M1-omitted-workspace-member/beta/Cargo.toml(excluded), fixtures/toolchain/mutants/M2-compile-fail-wrong-reason/Cargo.toml(excluded), fixtures/toolchain/mutants/M3-compile-fail-stale-forge/Cargo.toml(excluded), fixtures/toolchain/mutants/M4-nostd-scanner-bypass/Cargo.toml(excluded), fixtures/toolchain/mutants/M5-uninspected-manifest/Cargo.toml(excluded), fixtures/toolchain/mutants/M5-uninspected-manifest/alpha/Cargo.toml(excluded), fixtures/toolchain/mutants/M5-uninspected-manifest/gamma/Cargo.toml(excluded), fixtures/toolchain/mutants/M6-native-pass-wasm64-fail/Cargo.toml(excluded), fixtures/toolchain/mutants/M7-wasm32-masquerade/Cargo.toml(excluded), fixtures/toolchain/mutants/M8-debug-pass-release-fail/Cargo.toml(excluded)
PASS Q-ALL-03-third-party-dep-fixture-rejected  rejected as required: neg-third-party-dep -> serde (normal) is not a path dependency: source registry+https://github.com/rust-lang/crates.io-index req ^1; package proc-macro2@1.0.107 source registry+https://github.com/rust-lang/crates.io-index; package proc-macro2 manifest outside root: /root/.cargo/registry/src/index.crates.io-1949cf8c6b5b557f/proc-macro2-1.0.107/Cargo.toml; proc-macro2 -> unicode-ident (normal) is not a path dependency: source registry+https://github.com/rust-lang/crates.io-index req ^1.0; proc-macro2 -> flate2 (dev) is not a path dependency: source registry+https://github.com/rust-lang/crates.io-index req ^1.0; proc-macro2 -> quote (dev) is not a path dependency: source registry+https://github.com/rust-lang/crates.io-index req ^1.0
== WASM64_KERNEL_SET (nightly-2026-09-24)
PASS Q-WASM-01-clippy-core-graph  exit 0; 12 workspace packages [factc-bundle factc-capability factc-codegen factc-foundation factc-implementation factc-kernel factc-observe factc-planning factc-semantic factc-source factc-verifier factc-wasm-abi]
PASS Q-WASM-02-core-only-graph-dev  12 workspace crates compiled with core only on wasm64-unknown-unknown (dev); sysroot: compiler_builtins[custom-build]<sysroot-or-external-path> compiler_builtins[lib]<sysroot-or-external-path> core[lib]<sysroot-or-external-path>
PASS Q-WASM-03-core-only-graph-release  12 workspace crates compiled with core only on wasm64-unknown-unknown (release); sysroot: compiler_builtins[custom-build]<sysroot-or-external-path> compiler_builtins[lib]<sysroot-or-external-path> core[lib]<sysroot-or-external-path>
PASS Q-WASM-04-inspect-release    [PASS] memory_declared - I64 min=311 max=None shared=false;   [PASS] artifact_identity - sha256 6f25ce43cfad5a6e0cb079fe2847e435e9974c5bf507bbec6225265df10f6c81 bytes 3350254
PASS Q-WASM-05-inspect-dev    [PASS] memory_declared - I64 min=312 max=None shared=false;   [PASS] artifact_identity - sha256 7d8dd80623cfc7278851988dda0607fe8e00d8d0050ef79e390038d13e63ef6a bytes 12452308
PASS Q-WASM-06-kernel-identity  exec identity e8d6582665ea188049059215c6732c7280f5ab4a1920287ecdfa59997161bef2 == declared (install nightly-2026-09-24-x86_64-unknown-linux-gnu); whole file == recorded for install nightly-2026-09-24-x86_64-unknown-linux-gnu (informational)
PASS Q-WASM-07-chromium-abi-release  Chromium HeadlessChrome/141.0.7390.37: abi_version 1, imports [], 13 exports, memory_pages 311
== CROSS_SET diagnostics (1.94.1; proof weight NONE)
OBS  X-01-build-workspace-host  CROSS_SET diagnostic (proof weight NONE): exit 101; 13 workspace packages [factc factc-bundle factc-capability factc-codegen factc-foundation factc-implementation factc-kernel factc-observe factc-planning factc-semantic factc-source factc-verifier factory]; first error: factc-wasm-abi (no code) `#[panic_handler]` function required, but not found
OBS  X-02-clippy-workspace-host  CROSS_SET diagnostic (proof weight NONE): exit 101; 14 workspace packages [factc factc-bundle factc-capability factc-codegen factc-foundation factc-implementation factc-kernel factc-observe factc-planning factc-semantic factc-source factc-verifier factc-wasm-abi factory]; first error: factc-wasm-abi (no code) `#[panic_handler]` function required, but not found
OBS  X-03-test-workspace-host  CROSS_SET diagnostic (proof weight NONE): exit 0; 14 workspace packages [factc factc-bundle factc-capability factc-codegen factc-foundation factc-implementation factc-kernel factc-observe factc-planning factc-semantic factc-source factc-verifier factc-wasm-abi factory]; tests 103 passed / 0 failed over 35 harness runs
== HEURISTIC scanners (proof weight NONE)
HEURISTIC Z-01-nostd-textual-scan  proof weight NONE; scanner said PASS: textual scan found no offender [HEURISTIC: cfg(test)/::std/grouped-use bypasses known; verdict weight none]
HEURISTIC Z-02-depcheck-explicit-list  proof weight NONE; scanner said PASS: explicit-list scan accepted 14 manifests [HEURISTIC: unlisted manifests and dotted-table sections are never read; verdict weight none]
== mutants (the judge attacks itself; pinned toolchains via PROOF_CHAN_MAP)
RUN  M1-omitted-workspace-member  weak check PASS (would accept the mutant); qualified check FAIL: members omitted from default-members: beta; cargo test --workspace exit 101: 1 failed (t::beta_is_broken)
RUN  M2-compile-fail-wrong-reason  weak check PASS (would accept the mutant); qualified check FAIL: expected 3 x E0308 "mismatched types", observed 0; E0308 primary spans [] != expected [11,12,13]; unexpected diagnostic (no code) "this file contains an unclosed delimiter" at src/lib.rs:16
RUN  M3-compile-fail-stale-forge  weak check PASS (would accept the mutant); qualified check FAIL: expected 1 x (no code) "private fields", observed 0; (no code) primary spans [] != expected [9]; unexpected diagnostic E0560 "struct `factc_verifier::VerifiedStrategy` has no field named `certificate_id`" at src/lib.rs:16
RUN  M4-nostd-scanner-bypass  weak check PASS (would accept the mutant); qualified check FAIL: exit 101: m4-nostd-scanner-bypass E0463 can't find crate for `std`; intended crates absent from the core-only graph: m4-nostd-scanner-bypass
RUN  M5-uninspected-manifest  weak check PASS (would accept the mutant); qualified check FAIL: gamma -> serde (normal) is not a path dependency: source registry+https://github.com/rust-lang/crates.io-index req ^1; package proc-macro2@1.0.107 source registry+https://github.com/rust-lang/crates.io-index; package proc-macro2 manifest outside root: /root/.cargo/registry/src/index.crates.io-1949cf8c6b5b557f/proc-macro2-1.0.107/Carg
RUN  M6-native-pass-wasm64-fail  weak check PASS (would accept the mutant); qualified check FAIL: exit 101: m6-native-pass-wasm64-fail E0433 cannot find module or crate `std` in this scope; intended crates absent from the core-only graph: m6-native-pass-wasm64-fail
RUN  M7-wasm32-masquerade  weak check PASS (would accept the mutant); qualified check FAIL:   [FAIL] all_memories_i64_address_type - wasm32 (i32 address) memories are forbidden by project law FT-003
RUN  M8-debug-pass-release-fail  weak check PASS (would accept the mutant); qualified check FAIL: exit 101; packages [m8-debug-pass-release-fail]; 0 passed / 1 failed
== summary
{"PASS":21,"OBS":3,"HEURISTIC":2} mutants RUN
qualified proof matrix executed (see evidence/D19/proof/summary.txt)
[exit 0]
