$ sh tests/toolchain/run-proof-matrix.sh evidence/D9
(cwd .)
== T9-P7 toolchain identity
GAP  T9-P7-01-toolchain-identity  no repository pin; stable=rustc 1.94.1 (e408947bf 2026-03-25) nightly=rustc 1.100.0-nightly (6eeff9a52 2026-09-23); pin authorization returned to ASCII (D10)
== T9-P1 package selection
FAIL T9-P1-01-physical-vs-workspace-vs-default  members omitted from default-members (bare cargo build/test/clippy never select them): factc-wasm-abi
== T9-P2 native build/test (stable = active default toolchain, recorded per run)
PASS T9-P2-01-build-bare-default-members  exit 0; 13 workspace packages [factc factc-bundle factc-capability factc-codegen factc-foundation factc-implementation factc-kernel factc-observe factc-planning factc-semantic factc-source factc-verifier factory]
FAIL T9-P2-02-build-workspace  exit 101; 13 workspace packages [factc factc-bundle factc-capability factc-codegen factc-foundation factc-implementation factc-kernel factc-observe factc-planning factc-semantic factc-source factc-verifier factory]; first error: factc-wasm-abi (no code) `#[panic_handler]` function required, but not found
PASS T9-P2-03-build-release-bare  exit 0; 13 workspace packages [factc factc-bundle factc-capability factc-codegen factc-foundation factc-implementation factc-kernel factc-observe factc-planning factc-semantic factc-source factc-verifier factory]
PASS T9-P2-04-test-debug-bare  exit 0; 13 workspace packages [factc factc-bundle factc-capability factc-codegen factc-foundation factc-implementation factc-kernel factc-observe factc-planning factc-semantic factc-source factc-verifier factory]; tests 95 passed / 0 failed over 34 harness runs
PASS T9-P2-05-test-release-bare  exit 0; 13 workspace packages [factc factc-bundle factc-capability factc-codegen factc-foundation factc-implementation factc-kernel factc-observe factc-planning factc-semantic factc-source factc-verifier factory]; tests 95 passed / 0 failed over 34 harness runs
PASS T9-P2-06-test-debug-workspace  exit 0; 14 workspace packages [factc factc-bundle factc-capability factc-codegen factc-foundation factc-implementation factc-kernel factc-observe factc-planning factc-semantic factc-source factc-verifier factc-wasm-abi factory]; tests 95 passed / 0 failed over 35 harness runs
PASS T9-P2-07-test-release-workspace  exit 0; 14 workspace packages [factc factc-bundle factc-capability factc-codegen factc-foundation factc-implementation factc-kernel factc-observe factc-planning factc-semantic factc-source factc-verifier factc-wasm-abi factory]; tests 95 passed / 0 failed over 35 harness runs
== T9-P3 clippy/fmt (static lint, never semantic proof)
PASS T9-P3-01-clippy-all-targets-bare  exit 0; 13 workspace packages [factc factc-bundle factc-capability factc-codegen factc-foundation factc-implementation factc-kernel factc-observe factc-planning factc-semantic factc-source factc-verifier factory]
FAIL T9-P3-02-clippy-all-targets-workspace  exit 101; 14 workspace packages [factc factc-bundle factc-capability factc-codegen factc-foundation factc-implementation factc-kernel factc-observe factc-planning factc-semantic factc-source factc-verifier factc-wasm-abi factory]; first error: factc-wasm-abi (no code) `#[panic_handler]` function required, but not found
PASS T9-P3-03-fmt-all-check  exit 0; 14 workspace packages [compiler/bundle compiler/capability compiler/codegen compiler/foundation compiler/implementation compiler/kernel compiler/observe compiler/planning compiler/semantic compiler/source compiler/verifier compiler/wasm-abi factory host/factc]
PASS T9-P3-04-clippy-wasm64-core-graph  exit 0; 12 workspace packages [factc-bundle factc-capability factc-codegen factc-foundation factc-implementation factc-kernel factc-observe factc-planning factc-semantic factc-source factc-verifier factc-wasm-abi]
== T9-P4 compile-fail for the expected reason (fixtures copied to CARGO_TARGET_DIR; fixture tree never written)
PASS T9-P4-01-std-in-kernel  rejected for the expected reason: 2xE0433 (E0433:2)
PASS T9-P4-02-id-substitution  rejected for the expected reason: 3xE0308 (E0308:3)
PASS T9-P4-03-forge-verified-strategy  rejected for the expected reason: 1xprivate-field ((no code):1)
== T9-P5 no_std: textual scan (heuristic) and compiler-enforced core-only wasm64 graph
PASS T9-P5-01-textual-scan-heuristic  textual scan found no offender [HEURISTIC: cfg(test)/::std/grouped-use bypasses known; verdict weight none]
PASS T9-P5-02-core-only-wasm64-graph-dev  12 workspace crates compiled with core only on wasm64-unknown-unknown (dev); sysroot: compiler_builtins[custom-build]<sysroot-or-external-path> compiler_builtins[lib]<sysroot-or-external-path> core[lib]<sysroot-or-external-path>
PASS T9-P5-03-core-only-wasm64-graph-release  12 workspace crates compiled with core only on wasm64-unknown-unknown (release); sysroot: compiler_builtins[custom-build]<sysroot-or-external-path> compiler_builtins[lib]<sysroot-or-external-path> core[lib]<sysroot-or-external-path>
== T9-P6 dependency law: Cargo-resolved graph vs physical manifests; explicit-list scan for reference
PASS T9-P6-01-resolved-graph-first-party  14 packages, all path sources inside root; 49 declared dependency edges all path-inside-root; resolve graph 14 nodes; physical manifests not in the product graph: fixtures/compiler/negative/forge-verified-strategy/Cargo.toml(excluded), fixtures/compiler/negative/id-substitution/Cargo.toml(excluded), fixtures/compiler/negative/std-in-kernel/Cargo.toml(excluded), fixtures/compiler/negative/third-party-dep/Cargo.toml(excluded), fixtures/toolchain/mutants/M1-omitted-workspace-member/Cargo.toml(excluded), fixtures/toolchain/mutants/M1-omitted-workspace-member/alpha/Cargo.toml(excluded), fixtures/toolchain/mutants/M1-omitted-workspace-member/beta/Cargo.toml(excluded), fixtures/toolchain/mutants/M2-compile-fail-wrong-reason/Cargo.toml(excluded), fixtures/toolchain/mutants/M3-compile-fail-stale-forge/Cargo.toml(excluded), fixtures/toolchain/mutants/M4-nostd-scanner-bypass/Cargo.toml(excluded), fixtures/toolchain/mutants/M5-uninspected-manifest/Cargo.toml(excluded), fixtures/toolchain/mutants/M5-uninspected-manifest/alpha/Cargo.toml(excluded), fixtures/toolchain/mutants/M5-uninspected-manifest/gamma/Cargo.toml(excluded), fixtures/toolchain/mutants/M6-native-pass-wasm64-fail/Cargo.toml(excluded), fixtures/toolchain/mutants/M7-wasm32-masquerade/Cargo.toml(excluded), fixtures/toolchain/mutants/M8-debug-pass-release-fail/Cargo.toml(excluded)
PASS T9-P6-02-explicit-list-scan-heuristic  explicit-list scan accepted 14 manifests [HEURISTIC: unlisted manifests and dotted-table sections are never read; verdict weight none]
PASS T9-P6-03-third-party-dep-fixture-rejected  rejected as required: neg-third-party-dep -> serde (normal) is not a path dependency: source registry+https://github.com/rust-lang/crates.io-index req ^1; package proc-macro2@1.0.107 source registry+https://github.com/rust-lang/crates.io-index; package proc-macro2 manifest outside root: /root/.cargo/registry/src/index.crates.io-1949cf8c6b5b557f/proc-macro2-1.0.107/Cargo.toml; proc-macro2 -> unicode-ident (normal) is not a path dependency: source registry+https://github.com/rust-lang/crates.io-index req ^1.0; proc-macro2 -> flate2 (dev) is not a path dependency: source registry+https://github.com/rust-lang/crates.io-index req ^1.0; proc-macro2 -> quote (dev) is not a path dependency: source registry+https://github.com/rust-lang/crates.io-index req ^1.0
== T9-P8 wasm64: inspect both profiles built by T9-P5, execute the release module in Chromium
PASS T9-P8-01-inspect-release    [PASS] memory_declared - I64 min=311 max=None shared=false;   [PASS] artifact_identity - sha256 309589947e16195448f1523b8c831168c54492956da4b7369bb369290a8f025c bytes 3350252
PASS T9-P8-02-inspect-dev    [PASS] memory_declared - I64 min=312 max=None shared=false;   [PASS] artifact_identity - sha256 24b9bcb71e9a5c03d67a85f465aa725efe68aa381aa2dcabad0b25e35433d9b4 bytes 12446312
PASS T9-P8-03-chromium-abi-release  Chromium HeadlessChrome/141.0.7390.37: abi_version 1, imports [], 13 exports, memory_pages 311
== summary
{"FAIL":3,"PASS":21,"GAP":1} 
proof matrix executed (see evidence/D9/summary.txt; verdicts are evidence, not station status)

[exit 0] expected 0
